`torch_dtype` is deprecated! Use `dtype` instead!
Device set to use cuda:0
Traceback (most recent call last):
  File "/home/atc_voice/ATC-Voice/src/utils/all_in_one.py", line 710, in main
    system.initialize()
  File "/home/atc_voice/ATC-Voice/src/utils/all_in_one.py", line 600, in initialize
    self.transcriber.initialize()
  File "/home/atc_voice/ATC-Voice/src/utils/all_in_one.py", line 504, in initialize
    self.transcription_engine.initialize()
  File "/home/atc_voice/ATC-Voice/src/utils/all_in_one.py", line 269, in initialize
    self.pipeline = pipeline(
                    ^^^^^^^^^
  File "/home/atc_voice/ATC-Voice/venv/lib/python3.12/site-packages/transformers/pipelines/__init__.py", line 1229, in pipeline
    return pipeline_class(model=model, framework=framework, task=task, **kwargs)
           ^^^^^^^^^^^^^^^^^^^^^^^^^^^^^^^^^^^^^^^^^^^^^^^^^^^^^^^^^^^^^^^^^^^^^
  File "/home/atc_voice/ATC-Voice/venv/lib/python3.12/site-packages/transformers/pipelines/automatic_speech_recognition.py", line 216, in __init__
    super().__init__(model, tokenizer, feature_extractor, device=device, **kwargs)
  File "/home/atc_voice/ATC-Voice/venv/lib/python3.12/site-packages/transformers/pipelines/base.py", line 1044, in __init__
    self.model.to(self.device)
  File "/home/atc_voice/ATC-Voice/venv/lib/python3.12/site-packages/transformers/modeling_utils.py", line 4343, in to
    return super().to(*args, **kwargs)
           ^^^^^^^^^^^^^^^^^^^^^^^^^^^
  File "/home/atc_voice/ATC-Voice/venv/lib/python3.12/site-packages/torch/nn/modules/module.py", line 1340, in to
    return self._apply(convert)
           ^^^^^^^^^^^^^^^^^^^^
  File "/home/atc_voice/ATC-Voice/venv/lib/python3.12/site-packages/torch/nn/modules/module.py", line 900, in _apply
    module._apply(fn)
  File "/home/atc_voice/ATC-Voice/venv/lib/python3.12/site-packages/torch/nn/modules/module.py", line 900, in _apply
    module._apply(fn)
  File "/home/atc_voice/ATC-Voice/venv/lib/python3.12/site-packages/torch/nn/modules/module.py", line 900, in _apply
    module._apply(fn)
  [Previous line repeated 3 more times]
  File "/home/atc_voice/ATC-Voice/venv/lib/python3.12/site-packages/torch/nn/modules/module.py", line 927, in _apply
    param_applied = fn(param)
                    ^^^^^^^^^
  File "/home/atc_voice/ATC-Voice/venv/lib/python3.12/site-packages/torch/nn/modules/module.py", line 1326, in convert
    return t.to(
           ^^^^^
torch.OutOfMemoryError: CUDA out of memory. Tried to allocate 20.00 MiB. GPU 0 has a total capacity of 7.82 GiB of which 68.25 MiB is free. Process 175768 has 5.29 GiB memory in use. Including non-PyTorch memory, this process has 1.84 GiB memory in use. Of the allocated memory 1.46 GiB is allocated by PyTorch, and 126.36 MiB is reserved by PyTorch but unallocated. If reserved but unallocated memory is large try setting PYTORCH_CUDA_ALLOC_CONF=expandable_segments:True to avoid fragmentation.  See documentation for Memory Management  (https://pytorch.org/docs/stable/notes/cuda.html#environment-variables)

================================================================================
  🎙️  ATC LIVE RECORDING & TRANSCRIPTION SYSTEM
================================================================================
  Stream: NY Center Sector 9, Westminster High
  Model: ATC-specialized Whisper (jlvdoorn/whisper-large-v3-atco2-asr)
  Mode: 30s chunks with 5s overlap
  Duration: Continuous (Ctrl+C to stop)
  Dashboard: Enabled
================================================================================

📋 HOW TO RUN THE SYSTEM:
==================================================
1. Activate virtual environment: source venv/bin/activate
2. Run the system: python src/utils/all_in_one.py
3. Access dashboard: http://localhost:8501
4. Stop system: Press Ctrl+C
5. ATC Model: jlvdoorn/whisper-large-v3-atco2-asr
==================================================
================================================================================
🎙️  UNIFIED ATC RECORDING & TRANSCRIPTION SYSTEM
================================================================================
🌐 Stream: http://d.liveatc.net/zbw_ron4
⏱️  Chunk duration: 30s
🔄 Overlap: 5s
📁 Output directory: /home/atc_voice/ATC-Voice/src/data/raw
📝 Transcription log: src/data/logs/transcripts/transcription_results.json
================================================================================

🔧 SYSTEM INITIALIZATION SEQUENCE
==================================================

1️⃣  Initializing Audio Extraction System...
✅ Sliding window setup: 30s chunks, 5s overlap
📁 Local directory: /home/atc_voice/ATC-Voice/src/data/raw
✅ AUDIO EXTRACTION SYSTEM - READY

2️⃣  Initializing ATC-Specialized AI Modeling System...
======================================================================
🎙️  SYNCHRONIZED ATC RECORDING & TRANSCRIPTION SYSTEM
======================================================================
📁 Raw audio directory: /home/atc_voice/ATC-Voice/src/data/raw
📝 Transcription output: src/data/logs/transcripts/transcription_results.json

🤖 Loading ATC-specialized Whisper model (jlvdoorn/whisper-large-v3-atco2-asr)...
🖥️  Using device: GPU

❌ Fatal error: CUDA out of memory. Tried to allocate 20.00 MiB. GPU 0 has a total capacity of 7.82 GiB of which 68.25 MiB is free. Process 175768 has 5.29 GiB memory in use. Including non-PyTorch memory, this process has 1.84 GiB memory in use. Of the allocated memory 1.46 GiB is allocated by PyTorch, and 126.36 MiB is reserved by PyTorch but unallocated. If reserved but unallocated memory is large try setting PYTORCH_CUDA_ALLOC_CONF=expandable_segments:True to avoid fragmentation.  See documentation for Memory Management  (https://pytorch.org/docs/stable/notes/cuda.html#environment-variables)
