======================================================================
🧹 AUTOMATIC TRANSCRIPTION CLEANER
======================================================================
📂 Reading from: /home/atc_voice/ATC-Voice/src/data/logs/transcripts/transcripts.json
📝 Writing to: /home/atc_voice/ATC-Voice/src/data/logs/transcripts/cleaned_transcripts.json
📚 Loading unified configuration...
✅ Loaded 6 categories and 188 callsigns
✅ Loaded 26 phonetic mappings

🔄 Auto-cleaner features:
   - Removes standalone 'thank you', 'thanks', 'thank' entries
   - Removes repeated 'thank' patterns (e.g., 'thank thank')
   - Removes spam 'subscribe' messages (e.g., 'Thank you for watching! Please subscribe...')
   - Removes © symbols and text after them
   - Removes repeated patterns (e.g., '? ? ? ?', 'uh uh uh')
   - Removes spaced question-mark sequences (e.g., '? ?', '?   ?')
   - Removes standalone 'bye' tokens
   - Removes hyphenated stutters (e.g., 'S-S-S-S-') and laughter strings ('hahaha')
   - Removes hyphen-dot noise (e.g., '-..')
   - Cleans up whitespace
   - Categorizes communications (like atlas.py)
   - Detects airline callsigns (like atlas.py)
   - Flags duplicates
   - Runs continuously

🧹 Running initial clean...
🔍 Flagged 249 duplicate items
🧹 Processed 34 new items: Removed 34 invalid entries, cleaned 68 texts.
💾 Saved to: /home/atc_voice/ATC-Voice/src/data/logs/transcripts/cleaned_transcripts.json
✅ Auto-cleaner started!
Press Ctrl+C to stop
----------------------------------------------------------------------
🔍 Flagged 249 duplicate items
🧹 Processed 34 new items: Removed 34 invalid entries, cleaned 68 texts.
💾 Saved to: /home/atc_voice/ATC-Voice/src/data/logs/transcripts/cleaned_transcripts.json
🔍 Flagged 249 duplicate items
🧹 Processed 34 new items: Removed 34 invalid entries, cleaned 68 texts.
💾 Saved to: /home/atc_voice/ATC-Voice/src/data/logs/transcripts/cleaned_transcripts.json
🔍 Flagged 249 duplicate items
🧹 Processed 34 new items: Removed 34 invalid entries, cleaned 68 texts.
💾 Saved to: /home/atc_voice/ATC-Voice/src/data/logs/transcripts/cleaned_transcripts.json
🔍 Flagged 249 duplicate items
🧹 Processed 34 new items: Removed 34 invalid entries, cleaned 68 texts.
💾 Saved to: /home/atc_voice/ATC-Voice/src/data/logs/transcripts/cleaned_transcripts.json
🔍 Flagged 249 duplicate items
🧹 Processed 34 new items: Removed 34 invalid entries, cleaned 68 texts.
💾 Saved to: /home/atc_voice/ATC-Voice/src/data/logs/transcripts/cleaned_transcripts.json
🔍 Flagged 249 duplicate items
🧹 Processed 34 new items: Removed 34 invalid entries, cleaned 68 texts.
💾 Saved to: /home/atc_voice/ATC-Voice/src/data/logs/transcripts/cleaned_transcripts.json
🔍 Flagged 249 duplicate items
🧹 Processed 34 new items: Removed 34 invalid entries, cleaned 68 texts.
💾 Saved to: /home/atc_voice/ATC-Voice/src/data/logs/transcripts/cleaned_transcripts.json
🔍 Flagged 249 duplicate items
🧹 Processed 34 new items: Removed 34 invalid entries, cleaned 68 texts.
💾 Saved to: /home/atc_voice/ATC-Voice/src/data/logs/transcripts/cleaned_transcripts.json
🔍 Flagged 249 duplicate items
🧹 Processed 35 new items: Removed 34 invalid entries, cleaned 69 texts.
📝 Added 1 new items. Total in cleaned file: 2755
💾 Saved to: /home/atc_voice/ATC-Voice/src/data/logs/transcripts/cleaned_transcripts.json
🔍 Flagged 249 duplicate items
🧹 Processed 35 new items: Removed 34 invalid entries, cleaned 69 texts.
📝 Added 1 new items. Total in cleaned file: 2756
💾 Saved to: /home/atc_voice/ATC-Voice/src/data/logs/transcripts/cleaned_transcripts.json
🔍 Flagged 249 duplicate items
🧹 Processed 34 new items: Removed 34 invalid entries, cleaned 68 texts.
💾 Saved to: /home/atc_voice/ATC-Voice/src/data/logs/transcripts/cleaned_transcripts.json
🔍 Flagged 249 duplicate items
🧹 Processed 35 new items: Removed 35 invalid entries, cleaned 70 texts.
💾 Saved to: /home/atc_voice/ATC-Voice/src/data/logs/transcripts/cleaned_transcripts.json
🔍 Flagged 249 duplicate items
🧹 Processed 36 new items: Removed 36 invalid entries, cleaned 72 texts.
💾 Saved to: /home/atc_voice/ATC-Voice/src/data/logs/transcripts/cleaned_transcripts.json
🔍 Flagged 249 duplicate items
🧹 Processed 36 new items: Removed 36 invalid entries, cleaned 72 texts.
💾 Saved to: /home/atc_voice/ATC-Voice/src/data/logs/transcripts/cleaned_transcripts.json
🔍 Flagged 249 duplicate items
🧹 Processed 37 new items: Removed 37 invalid entries, cleaned 74 texts.
💾 Saved to: /home/atc_voice/ATC-Voice/src/data/logs/transcripts/cleaned_transcripts.json
🔍 Flagged 249 duplicate items
🧹 Processed 38 new items: Removed 38 invalid entries, cleaned 76 texts.
💾 Saved to: /home/atc_voice/ATC-Voice/src/data/logs/transcripts/cleaned_transcripts.json
🔍 Flagged 249 duplicate items
🧹 Processed 39 new items: Removed 38 invalid entries, cleaned 77 texts.
📝 Added 1 new items. Total in cleaned file: 2757
💾 Saved to: /home/atc_voice/ATC-Voice/src/data/logs/transcripts/cleaned_transcripts.json
🔍 Flagged 249 duplicate items
🧹 Processed 38 new items: Removed 38 invalid entries, cleaned 76 texts.
💾 Saved to: /home/atc_voice/ATC-Voice/src/data/logs/transcripts/cleaned_transcripts.json
🔍 Flagged 249 duplicate items
🧹 Processed 39 new items: Removed 39 invalid entries, cleaned 77 texts.
💾 Saved to: /home/atc_voice/ATC-Voice/src/data/logs/transcripts/cleaned_transcripts.json
🔍 Flagged 249 duplicate items
🧹 Processed 40 new items: Removed 40 invalid entries, cleaned 77 texts.
💾 Saved to: /home/atc_voice/ATC-Voice/src/data/logs/transcripts/cleaned_transcripts.json
🔍 Flagged 249 duplicate items
🧹 Processed 41 new items: Removed 40 invalid entries, cleaned 79 texts.
📝 Added 1 new items. Total in cleaned file: 2758
💾 Saved to: /home/atc_voice/ATC-Voice/src/data/logs/transcripts/cleaned_transcripts.json
🔍 Flagged 249 duplicate items
🧹 Processed 40 new items: Removed 40 invalid entries, cleaned 77 texts.
💾 Saved to: /home/atc_voice/ATC-Voice/src/data/logs/transcripts/cleaned_transcripts.json
🔍 Flagged 249 duplicate items
🧹 Processed 41 new items: Removed 41 invalid entries, cleaned 79 texts.
💾 Saved to: /home/atc_voice/ATC-Voice/src/data/logs/transcripts/cleaned_transcripts.json
🔍 Flagged 249 duplicate items
🧹 Processed 42 new items: Removed 42 invalid entries, cleaned 80 texts.
💾 Saved to: /home/atc_voice/ATC-Voice/src/data/logs/transcripts/cleaned_transcripts.json
🔍 Flagged 249 duplicate items
🧹 Processed 42 new items: Removed 42 invalid entries, cleaned 80 texts.
💾 Saved to: /home/atc_voice/ATC-Voice/src/data/logs/transcripts/cleaned_transcripts.json
🔍 Flagged 249 duplicate items
🧹 Processed 43 new items: Removed 43 invalid entries, cleaned 82 texts.
💾 Saved to: /home/atc_voice/ATC-Voice/src/data/logs/transcripts/cleaned_transcripts.json
🔍 Flagged 249 duplicate items
🧹 Processed 44 new items: Removed 44 invalid entries, cleaned 84 texts.
💾 Saved to: /home/atc_voice/ATC-Voice/src/data/logs/transcripts/cleaned_transcripts.json
🔍 Flagged 249 duplicate items
🧹 Processed 45 new items: Removed 44 invalid entries, cleaned 85 texts.
📝 Added 1 new items. Total in cleaned file: 2759
💾 Saved to: /home/atc_voice/ATC-Voice/src/data/logs/transcripts/cleaned_transcripts.json
🔍 Flagged 249 duplicate items
🧹 Processed 45 new items: Removed 45 invalid entries, cleaned 86 texts.
💾 Saved to: /home/atc_voice/ATC-Voice/src/data/logs/transcripts/cleaned_transcripts.json
🔍 Flagged 249 duplicate items
🧹 Processed 46 new items: Removed 46 invalid entries, cleaned 86 texts.
💾 Saved to: /home/atc_voice/ATC-Voice/src/data/logs/transcripts/cleaned_transcripts.json
🔍 Flagged 249 duplicate items
🧹 Processed 47 new items: Removed 47 invalid entries, cleaned 88 texts.
💾 Saved to: /home/atc_voice/ATC-Voice/src/data/logs/transcripts/cleaned_transcripts.json
🔍 Flagged 249 duplicate items
🧹 Processed 48 new items: Removed 48 invalid entries, cleaned 90 texts.
💾 Saved to: /home/atc_voice/ATC-Voice/src/data/logs/transcripts/cleaned_transcripts.json
🔍 Flagged 249 duplicate items
🧹 Processed 49 new items: Removed 48 invalid entries, cleaned 90 texts.
📝 Added 1 new items. Total in cleaned file: 2760
💾 Saved to: /home/atc_voice/ATC-Voice/src/data/logs/transcripts/cleaned_transcripts.json
🔍 Flagged 249 duplicate items
🧹 Processed 48 new items: Removed 48 invalid entries, cleaned 90 texts.
💾 Saved to: /home/atc_voice/ATC-Voice/src/data/logs/transcripts/cleaned_transcripts.json
🔍 Flagged 249 duplicate items
🧹 Processed 50 new items: Removed 49 invalid entries, cleaned 91 texts.
📝 Added 1 new items. Total in cleaned file: 2761
💾 Saved to: /home/atc_voice/ATC-Voice/src/data/logs/transcripts/cleaned_transcripts.json
🔍 Flagged 250 duplicate items
🧹 Processed 50 new items: Removed 49 invalid entries, cleaned 90 texts.
📝 Added 1 new items. Total in cleaned file: 2762
💾 Saved to: /home/atc_voice/ATC-Voice/src/data/logs/transcripts/cleaned_transcripts.json
🔍 Flagged 250 duplicate items
🧹 Processed 49 new items: Removed 49 invalid entries, cleaned 90 texts.
💾 Saved to: /home/atc_voice/ATC-Voice/src/data/logs/transcripts/cleaned_transcripts.json
🔍 Flagged 250 duplicate items
🧹 Processed 52 new items: Removed 50 invalid entries, cleaned 95 texts.
📝 Added 2 new items. Total in cleaned file: 2764
💾 Saved to: /home/atc_voice/ATC-Voice/src/data/logs/transcripts/cleaned_transcripts.json
🔍 Flagged 250 duplicate items
🧹 Processed 51 new items: Removed 50 invalid entries, cleaned 93 texts.
📝 Added 1 new items. Total in cleaned file: 2765
💾 Saved to: /home/atc_voice/ATC-Voice/src/data/logs/transcripts/cleaned_transcripts.json
🔍 Flagged 250 duplicate items
🧹 Processed 50 new items: Removed 50 invalid entries, cleaned 92 texts.
💾 Saved to: /home/atc_voice/ATC-Voice/src/data/logs/transcripts/cleaned_transcripts.json
🔍 Flagged 250 duplicate items
🧹 Processed 52 new items: Removed 52 invalid entries, cleaned 93 texts.
💾 Saved to: /home/atc_voice/ATC-Voice/src/data/logs/transcripts/cleaned_transcripts.json
🔍 Flagged 250 duplicate items
🧹 Processed 52 new items: Removed 52 invalid entries, cleaned 93 texts.
💾 Saved to: /home/atc_voice/ATC-Voice/src/data/logs/transcripts/cleaned_transcripts.json
🔍 Flagged 250 duplicate items
🧹 Processed 54 new items: Removed 54 invalid entries, cleaned 96 texts.
💾 Saved to: /home/atc_voice/ATC-Voice/src/data/logs/transcripts/cleaned_transcripts.json
🔍 Flagged 250 duplicate items
🧹 Processed 55 new items: Removed 55 invalid entries, cleaned 98 texts.
💾 Saved to: /home/atc_voice/ATC-Voice/src/data/logs/transcripts/cleaned_transcripts.json
🔍 Flagged 250 duplicate items
🧹 Processed 56 new items: Removed 56 invalid entries, cleaned 100 texts.
💾 Saved to: /home/atc_voice/ATC-Voice/src/data/logs/transcripts/cleaned_transcripts.json
🔍 Flagged 250 duplicate items
🧹 Processed 56 new items: Removed 56 invalid entries, cleaned 100 texts.
💾 Saved to: /home/atc_voice/ATC-Voice/src/data/logs/transcripts/cleaned_transcripts.json
🔍 Flagged 251 duplicate items
🧹 Processed 57 new items: Removed 56 invalid entries, cleaned 100 texts.
📝 Added 1 new items. Total in cleaned file: 2766
💾 Saved to: /home/atc_voice/ATC-Voice/src/data/logs/transcripts/cleaned_transcripts.json
🔍 Flagged 252 duplicate items
🧹 Processed 57 new items: Removed 56 invalid entries, cleaned 101 texts.
📝 Added 1 new items. Total in cleaned file: 2767
💾 Saved to: /home/atc_voice/ATC-Voice/src/data/logs/transcripts/cleaned_transcripts.json
🔍 Flagged 252 duplicate items
🧹 Processed 57 new items: Removed 57 invalid entries, cleaned 101 texts.
💾 Saved to: /home/atc_voice/ATC-Voice/src/data/logs/transcripts/cleaned_transcripts.json
🔍 Flagged 253 duplicate items
🧹 Processed 58 new items: Removed 57 invalid entries, cleaned 102 texts.
📝 Added 1 new items. Total in cleaned file: 2768
💾 Saved to: /home/atc_voice/ATC-Voice/src/data/logs/transcripts/cleaned_transcripts.json
🔍 Flagged 253 duplicate items
🧹 Processed 57 new items: Removed 57 invalid entries, cleaned 101 texts.
💾 Saved to: /home/atc_voice/ATC-Voice/src/data/logs/transcripts/cleaned_transcripts.json
🔍 Flagged 253 duplicate items
🧹 Processed 58 new items: Removed 58 invalid entries, cleaned 103 texts.
💾 Saved to: /home/atc_voice/ATC-Voice/src/data/logs/transcripts/cleaned_transcripts.json
🔍 Flagged 253 duplicate items
🧹 Processed 59 new items: Removed 59 invalid entries, cleaned 104 texts.
💾 Saved to: /home/atc_voice/ATC-Voice/src/data/logs/transcripts/cleaned_transcripts.json
🔍 Flagged 253 duplicate items
🧹 Processed 59 new items: Removed 59 invalid entries, cleaned 104 texts.
💾 Saved to: /home/atc_voice/ATC-Voice/src/data/logs/transcripts/cleaned_transcripts.json
🔍 Flagged 253 duplicate items
🧹 Processed 60 new items: Removed 60 invalid entries, cleaned 104 texts.
💾 Saved to: /home/atc_voice/ATC-Voice/src/data/logs/transcripts/cleaned_transcripts.json
🔍 Flagged 254 duplicate items
🧹 Processed 64 new items: Removed 62 invalid entries, cleaned 106 texts.
📝 Added 2 new items. Total in cleaned file: 2770
💾 Saved to: /home/atc_voice/ATC-Voice/src/data/logs/transcripts/cleaned_transcripts.json
🔍 Flagged 254 duplicate items
🧹 Processed 62 new items: Removed 62 invalid entries, cleaned 104 texts.
💾 Saved to: /home/atc_voice/ATC-Voice/src/data/logs/transcripts/cleaned_transcripts.json
🔍 Flagged 254 duplicate items
🧹 Processed 63 new items: Removed 63 invalid entries, cleaned 105 texts.
💾 Saved to: /home/atc_voice/ATC-Voice/src/data/logs/transcripts/cleaned_transcripts.json
🔍 Flagged 255 duplicate items
🧹 Processed 65 new items: Removed 64 invalid entries, cleaned 107 texts.
📝 Added 1 new items. Total in cleaned file: 2771
💾 Saved to: /home/atc_voice/ATC-Voice/src/data/logs/transcripts/cleaned_transcripts.json
🔍 Flagged 256 duplicate items
🧹 Processed 65 new items: Removed 64 invalid entries, cleaned 107 texts.
📝 Added 1 new items. Total in cleaned file: 2772
💾 Saved to: /home/atc_voice/ATC-Voice/src/data/logs/transcripts/cleaned_transcripts.json
🔍 Flagged 256 duplicate items
🧹 Processed 65 new items: Removed 65 invalid entries, cleaned 108 texts.
💾 Saved to: /home/atc_voice/ATC-Voice/src/data/logs/transcripts/cleaned_transcripts.json
❌ JSON decode error: Expecting value: line 12617 column 28 (char 779181)
🔍 Flagged 257 duplicate items
🧹 Processed 67 new items: Removed 66 invalid entries, cleaned 109 texts.
📝 Added 1 new items. Total in cleaned file: 2773
💾 Saved to: /home/atc_voice/ATC-Voice/src/data/logs/transcripts/cleaned_transcripts.json
🔍 Flagged 257 duplicate items
🧹 Processed 67 new items: Removed 67 invalid entries, cleaned 110 texts.
💾 Saved to: /home/atc_voice/ATC-Voice/src/data/logs/transcripts/cleaned_transcripts.json
🔍 Flagged 258 duplicate items
🧹 Processed 69 new items: Removed 68 invalid entries, cleaned 113 texts.
📝 Added 1 new items. Total in cleaned file: 2774
💾 Saved to: /home/atc_voice/ATC-Voice/src/data/logs/transcripts/cleaned_transcripts.json
🔍 Flagged 258 duplicate items
🧹 Processed 68 new items: Removed 68 invalid entries, cleaned 112 texts.
💾 Saved to: /home/atc_voice/ATC-Voice/src/data/logs/transcripts/cleaned_transcripts.json
🔍 Flagged 258 duplicate items
🧹 Processed 69 new items: Removed 69 invalid entries, cleaned 112 texts.
💾 Saved to: /home/atc_voice/ATC-Voice/src/data/logs/transcripts/cleaned_transcripts.json
🔍 Flagged 258 duplicate items
🧹 Processed 70 new items: Removed 70 invalid entries, cleaned 112 texts.
💾 Saved to: /home/atc_voice/ATC-Voice/src/data/logs/transcripts/cleaned_transcripts.json
🔍 Flagged 258 duplicate items
🧹 Processed 70 new items: Removed 70 invalid entries, cleaned 112 texts.
💾 Saved to: /home/atc_voice/ATC-Voice/src/data/logs/transcripts/cleaned_transcripts.json
🔍 Flagged 258 duplicate items
🧹 Processed 70 new items: Removed 70 invalid entries, cleaned 112 texts.
