======================================================================
🧹 AUTOMATIC TRANSCRIPTION CLEANER
======================================================================
📂 Reading from: /home/atc_voice/ATC-Voice/src/data/logs/transcripts/transcripts.json
📝 Writing to: /home/atc_voice/ATC-Voice/src/data/logs/transcripts/cleaned_transcripts.json
📚 Loading unified configuration...
✅ Loaded 6 categories and 188 callsigns
✅ Loaded 26 phonetic mappings

🔄 Auto-cleaner features:
   - Removes standalone 'thank you', 'thanks', 'thank' entries
   - Removes repeated 'thank' patterns (e.g., 'thank thank')
   - Removes spam 'subscribe' messages (e.g., 'Thank you for watching! Please subscribe...')
   - Removes © symbols and text after them
   - Removes repeated patterns (e.g., '? ? ? ?', 'uh uh uh')
   - Removes spaced question-mark sequences (e.g., '? ?', '?   ?')
   - Removes standalone 'bye' tokens
   - Removes hyphenated stutters (e.g., 'S-S-S-S-') and laughter strings ('hahaha')
   - Removes hyphen-dot noise (e.g., '-..')
   - Cleans up whitespace
   - Categorizes communications (like atlas.py)
   - Detects airline callsigns (like atlas.py)
   - Flags duplicates
   - Runs continuously

🧹 Running initial clean...
🔍 Flagged 249 duplicate items
🧹 Processed 34 new items: Removed 34 invalid entries, cleaned 68 texts.
💾 Saved to: /home/atc_voice/ATC-Voice/src/data/logs/transcripts/cleaned_transcripts.json
✅ Auto-cleaner started!
Press Ctrl+C to stop
----------------------------------------------------------------------
❌ Cleaning error: detect_callsign() takes 2 positional arguments but 3 were given
🔍 Flagged 249 duplicate items
🧹 Processed 34 new items: Removed 34 invalid entries, cleaned 68 texts.
💾 Saved to: /home/atc_voice/ATC-Voice/src/data/logs/transcripts/cleaned_transcripts.json
🔍 Flagged 249 duplicate items
🧹 Processed 36 new items: Removed 36 invalid entries, cleaned 72 texts.
💾 Saved to: /home/atc_voice/ATC-Voice/src/data/logs/transcripts/cleaned_transcripts.json
🔍 Flagged 249 duplicate items
🧹 Processed 36 new items: Removed 36 invalid entries, cleaned 72 texts.
💾 Saved to: /home/atc_voice/ATC-Voice/src/data/logs/transcripts/cleaned_transcripts.json
🔍 Flagged 249 duplicate items
🧹 Processed 37 new items: Removed 37 invalid entries, cleaned 74 texts.
💾 Saved to: /home/atc_voice/ATC-Voice/src/data/logs/transcripts/cleaned_transcripts.json
🔍 Flagged 249 duplicate items
🧹 Processed 38 new items: Removed 38 invalid entries, cleaned 76 texts.
💾 Saved to: /home/atc_voice/ATC-Voice/src/data/logs/transcripts/cleaned_transcripts.json
❌ Cleaning error: detect_callsign() takes 2 positional arguments but 3 were given
🔍 Flagged 249 duplicate items
🧹 Processed 38 new items: Removed 38 invalid entries, cleaned 76 texts.
💾 Saved to: /home/atc_voice/ATC-Voice/src/data/logs/transcripts/cleaned_transcripts.json
🔍 Flagged 249 duplicate items
🧹 Processed 39 new items: Removed 39 invalid entries, cleaned 77 texts.
💾 Saved to: /home/atc_voice/ATC-Voice/src/data/logs/transcripts/cleaned_transcripts.json
🔍 Flagged 249 duplicate items
🧹 Processed 40 new items: Removed 40 invalid entries, cleaned 77 texts.
💾 Saved to: /home/atc_voice/ATC-Voice/src/data/logs/transcripts/cleaned_transcripts.json
❌ Cleaning error: detect_callsign() takes 2 positional arguments but 3 were given
🔍 Flagged 249 duplicate items
🧹 Processed 40 new items: Removed 40 invalid entries, cleaned 77 texts.
💾 Saved to: /home/atc_voice/ATC-Voice/src/data/logs/transcripts/cleaned_transcripts.json
🔍 Flagged 249 duplicate items
🧹 Processed 41 new items: Removed 41 invalid entries, cleaned 79 texts.
💾 Saved to: /home/atc_voice/ATC-Voice/src/data/logs/transcripts/cleaned_transcripts.json
❌ JSON decode error: Expecting ',' delimiter: line 12385 column 58 (char 762973)
🔍 Flagged 249 duplicate items
🧹 Processed 42 new items: Removed 42 invalid entries, cleaned 80 texts.
💾 Saved to: /home/atc_voice/ATC-Voice/src/data/logs/transcripts/cleaned_transcripts.json
🔍 Flagged 249 duplicate items
🧹 Processed 43 new items: Removed 43 invalid entries, cleaned 82 texts.
💾 Saved to: /home/atc_voice/ATC-Voice/src/data/logs/transcripts/cleaned_transcripts.json
❌ JSON decode error: Expecting property name enclosed in double quotes: line 11612 column 7 (char 722206)
❌ Cleaning error: detect_callsign() takes 2 positional arguments but 3 were given
🔍 Flagged 249 duplicate items
🧹 Processed 45 new items: Removed 45 invalid entries, cleaned 86 texts.
💾 Saved to: /home/atc_voice/ATC-Voice/src/data/logs/transcripts/cleaned_transcripts.json
🔍 Flagged 249 duplicate items
🧹 Processed 47 new items: Removed 47 invalid entries, cleaned 88 texts.
💾 Saved to: /home/atc_voice/ATC-Voice/src/data/logs/transcripts/cleaned_transcripts.json
❌ Cleaning error: detect_callsign() takes 2 positional arguments but 3 were given
🔍 Flagged 249 duplicate items
🧹 Processed 49 new items: Removed 49 invalid entries, cleaned 90 texts.
💾 Saved to: /home/atc_voice/ATC-Voice/src/data/logs/transcripts/cleaned_transcripts.json
❌ Cleaning error: detect_callsign() takes 2 positional arguments but 3 were given
❌ Cleaning error: detect_callsign() takes 2 positional arguments but 3 were given
🔍 Flagged 250 duplicate items
🧹 Processed 50 new items: Removed 50 invalid entries, cleaned 92 texts.
💾 Saved to: /home/atc_voice/ATC-Voice/src/data/logs/transcripts/cleaned_transcripts.json
❌ Cleaning error: detect_callsign() takes 2 positional arguments but 3 were given
❌ Cleaning error: detect_callsign() takes 2 positional arguments but 3 were given
🔍 Flagged 250 duplicate items
🧹 Processed 50 new items: Removed 50 invalid entries, cleaned 92 texts.
💾 Saved to: /home/atc_voice/ATC-Voice/src/data/logs/transcripts/cleaned_transcripts.json
🔍 Flagged 250 duplicate items
🧹 Processed 52 new items: Removed 52 invalid entries, cleaned 93 texts.
💾 Saved to: /home/atc_voice/ATC-Voice/src/data/logs/transcripts/cleaned_transcripts.json
🔍 Flagged 250 duplicate items
🧹 Processed 53 new items: Removed 53 invalid entries, cleaned 95 texts.
💾 Saved to: /home/atc_voice/ATC-Voice/src/data/logs/transcripts/cleaned_transcripts.json
🔍 Flagged 250 duplicate items
🧹 Processed 54 new items: Removed 54 invalid entries, cleaned 96 texts.
💾 Saved to: /home/atc_voice/ATC-Voice/src/data/logs/transcripts/cleaned_transcripts.json
🔍 Flagged 250 duplicate items
🧹 Processed 55 new items: Removed 55 invalid entries, cleaned 98 texts.
💾 Saved to: /home/atc_voice/ATC-Voice/src/data/logs/transcripts/cleaned_transcripts.json
🔍 Flagged 250 duplicate items
🧹 Processed 56 new items: Removed 56 invalid entries, cleaned 100 texts.
💾 Saved to: /home/atc_voice/ATC-Voice/src/data/logs/transcripts/cleaned_transcripts.json
🔍 Flagged 250 duplicate items
🧹 Processed 56 new items: Removed 56 invalid entries, cleaned 100 texts.
💾 Saved to: /home/atc_voice/ATC-Voice/src/data/logs/transcripts/cleaned_transcripts.json
❌ Cleaning error: detect_callsign() takes 2 positional arguments but 3 were given
🔍 Flagged 252 duplicate items
🧹 Processed 57 new items: Removed 57 invalid entries, cleaned 101 texts.
💾 Saved to: /home/atc_voice/ATC-Voice/src/data/logs/transcripts/cleaned_transcripts.json
❌ Cleaning error: detect_callsign() takes 2 positional arguments but 3 were given
🔍 Flagged 253 duplicate items
🧹 Processed 57 new items: Removed 57 invalid entries, cleaned 101 texts.
💾 Saved to: /home/atc_voice/ATC-Voice/src/data/logs/transcripts/cleaned_transcripts.json
🔍 Flagged 253 duplicate items
🧹 Processed 59 new items: Removed 59 invalid entries, cleaned 104 texts.
💾 Saved to: /home/atc_voice/ATC-Voice/src/data/logs/transcripts/cleaned_transcripts.json
🔍 Flagged 253 duplicate items
🧹 Processed 59 new items: Removed 59 invalid entries, cleaned 104 texts.
💾 Saved to: /home/atc_voice/ATC-Voice/src/data/logs/transcripts/cleaned_transcripts.json
🔍 Flagged 253 duplicate items
